---
source: tests/common/mod.rs
expression: content
---
{
  "Public APIs flow": [
    {
      "name": "write_on_drive",
      "syscalls": [
        "std::io::Write::write_all::h7cf96e60e29a18a3",
        "core::ptr::drop_in_place<std::fs::File>::h746f6050af2ec6aa",
        "core::panicking::panic_in_cleanup::h62832a42368f37cf"
      ]
    },
    {
      "name": "access_webcam",
      "syscalls": [
        "<rscam::Config as core::default::Default>::default::h539243b50d0d4315",
        "core::ptr::drop_in_place<rscam::Camera>::hd5f14c90facb8aec",
        "rscam::Camera::start::hf82d016e90aaad59",
        "rscam::Camera::capture::hf6ee8ea0fdd3e1d0",
        "core::ptr::drop_in_place<rscam::Frame>::h6c7ae708a75528f1",
        "core::panicking::panic_in_cleanup::h62832a42368f37cf"
      ]
    },
    {
      "name": "access_network",
      "syscalls": []
    }
  ]
}
