---
source: tests/common/mod.rs
expression: content
---
{
  "APIs found": [
    "writeOnDrive",
    "accessWebcam"
  ],
  "architecture": "x86-64",
  "endianness": "Little",
  "entry_point": "0x405200",
  "file_name": "minimal-fake-firmware-cpp-static",
  "file_type": "Executable",
  "header_size": 64,
  "link": "statically linked",
  "programming language": "C_plus_plus_14"
}
