---
source: tests/common/mod.rs
expression: content
---
{
  "Public APIs flow": [
    {
      "name": "writeOnDrive",
      "syscalls": [
        "std::operator|(std::_Ios_Openmode, std::_Ios_Openmode)",
        "std::basic_ofstream<char, std::char_traits<char> >::basic_ofstream(char const*, std::_Ios_Openmode)",
        "std::basic_ofstream<char, std::char_traits<char> >::is_open()",
        "std::basic_ostream<char, std::char_traits<char> >& std::operator<< <std::char_traits<char> >(std::basic_ostream<char, std::char_traits<char> >&, char const*)",
        "std::basic_ostream<char, std::char_traits<char> >& std::operator<< <std::char_traits<char> >(std::basic_ostream<char, std::char_traits<char> >&, char const*)",
        "std::basic_ofstream<char, std::char_traits<char> >::close()",
        "std::basic_ofstream<char, std::char_traits<char> >::~basic_ofstream()",
        "std::basic_ostream<char, std::char_traits<char> >& std::operator<< <std::char_traits<char> >(std::basic_ostream<char, std::char_traits<char> >&, char const*)",
        "std::ostream::operator<<(std::ostream& (*)(std::ostream&))",
        "std::basic_ofstream<char, std::char_traits<char> >::~basic_ofstream()"
      ]
    },
    {
      "name": "accessWebcam",
      "syscalls": [
        "open",
        "std::basic_ostream<char, std::char_traits<char> >& std::operator<< <std::char_traits<char> >(std::basic_ostream<char, std::char_traits<char> >&, char const*)",
        "std::ostream::operator<<(std::ostream& (*)(std::ostream&))",
        "ioctl",
        "std::basic_ostream<char, std::char_traits<char> >& std::operator<< <std::char_traits<char> >(std::basic_ostream<char, std::char_traits<char> >&, char const*)",
        "std::ostream::operator<<(std::ostream& (*)(std::ostream&))",
        "__libc_close",
        "__read",
        "std::basic_ostream<char, std::char_traits<char> >& std::operator<< <std::char_traits<char> >(std::basic_ostream<char, std::char_traits<char> >&, char const*)",
        "std::ostream::operator<<(std::ostream& (*)(std::ostream&))",
        "__libc_close",
        "__libc_close"
      ]
    }
  ]
}
