---
source: tests/common/mod.rs
expression: content
---
{
  "APIs found": [
    "write_on_drive",
    "access_network",
    "access_webcam"
  ],
  "architecture": "x86-64",
  "endianness": "Little",
  "entry_point": "0x8a5f0",
  "file_name": "fake-firmware-rust-dynamic",
  "file_type": "Dynamic Library",
  "header_size": 64,
  "link": "dynamically linked",
  "programming language": "Rust"
}
