---
source: tests/common/mod.rs
expression: content
---
{
  "APIs found": [
    "of_write_trailer",
    "init_complex_filtergraph",
    "enc_open",
    "fg_send_command",
    "fg_create",
    "check_filter_outputs"
  ],
  "architecture": "x86-64",
  "endianness": "Little",
  "entry_point": "0xfbe0",
  "file_name": "ffmpeg",
  "file_type": "Dynamic Library",
  "header_size": 64,
  "link": "dynamically linked",
  "programming language": "NOT_FOUND"
}
