---
source: tests/common/mod.rs
expression: content
---
{
  "Public APIs flow": [
    {
      "name": "of_write_trailer",
      "syscalls": [
        "av_write_trailer",
        "avio_size",
        "of_filesize",
        "av_log",
        "av_get_media_type_string",
        "av_log",
        "av_log",
        "av_log",
        "av_log",
        "av_log",
        "av_log",
        "av_log",
        "av_log",
        "av_log",
        "av_log",
        "avio_closep",
        "av_strerror",
        "av_log",
        "av_strerror",
        "av_log",
        "avio_seek",
        "__snprintf_chk",
        "av_log",
        "av_log",
        "__stack_chk_fail"
      ]
    },
    {
      "name": "init_complex_filtergraph",
      "syscalls": [
        "strtol",
        "check_stream_specifier",
        "av_log",
        "ifilter_bind_ist",
        "ist_find_unused",
        "av_log",
        "av_log",
        "av_log",
        "av_log",
        "av_log",
        "abort",
        "__stack_chk_fail"
      ]
    },
    {
      "name": "enc_open",
      "syscalls": [
        "av_dict_get",
        "av_mul_q",
        "av_mallocz",
        "memcpy",
        "av_dict_get",
        "av_dict_set",
        "avcodec_get_hw_config",
        "hw_device_get_by_type",
        "av_hwdevice_get_type_name",
        "av_log",
        "av_buffer_ref",
        "avcodec_open2",
        "check_avoptions",
        "avcodec_parameters_from_context",
        "av_packet_side_data_new",
        "memcpy",
        "av_add_q",
        "of_stream_init",
        "av_dict_set",
        "strlen",
        "av_mallocz",
        "av_strlcpy",
        "av_strlcat",
        "av_dict_set",
        "av_channel_layout_copy",
        "av_get_pix_fmt_name",
        "av_log",
        "av_buffer_ref",
        "av_strerror",
        "av_log",
        "av_log",
        "av_dict_set",
        "av_log",
        "av_pix_fmt_desc_get",
        "av_log",
        "av_pix_fmt_desc_get",
        "av_strlcpy",
        "av_get_bytes_per_sample",
        "av_display_rotation_set",
        "av_log",
        "av_get_bytes_per_sample",
        "__stack_chk_fail",
        "av_log",
        "abort",
        "av_log",
        "abort"
      ]
    },
    {
      "name": "fg_send_command",
      "syscalls": [
        "av_mallocz",
        "av_buffer_create",
        "av_strdup",
        "av_strdup",
        "av_strdup",
        "sch_filter_command",
        "av_buffer_unref",
        "av_freep",
        "__stack_chk_fail"
      ]
    },
    {
      "name": "fg_create",
      "syscalls": [
        "allocate_array_elem",
        "__snprintf_chk",
        "av_frame_alloc",
        "av_frame_alloc",
        "avfilter_graph_alloc",
        "graph_parse",
        "avfilter_filter_pad_count",
        "avfilter_pad_get_name",
        "av_asprintf",
        "allocate_array_elem",
        "av_frame_alloc",
        "av_fifo_alloc2",
        "avfilter_pad_get_type",
        "av_strdup",
        "avfilter_inout_free",
        "avfilter_inout_free",
        "avfilter_graph_free",
        "avfilter_pad_get_name",
        "av_asprintf",
        "allocate_array_elem",
        "avfilter_pad_get_type",
        "av_strdup",
        "sch_add_filtergraph",
        "av_log",
        "__stack_chk_fail"
      ]
    },
    {
      "name": "check_filter_outputs",
      "syscalls": [
        "av_log"
      ]
    }
  ]
}
