---
source: tests/common/mod.rs
expression: content
---
{
  "APIs found": [
    "get_flags"
  ],
  "architecture": "x86-64",
  "endianness": "Little",
  "entry_point": "0xc0bb0",
  "file_name": "xi-core",
  "file_type": "Dynamic Library",
  "header_size": 64,
  "link": "dynamically linked",
  "programming language": "Rust"
}
