---
source: crates/backend/tests/common/mod.rs
expression: inspect_json
snapshot_kind: text
---
{
  "arch": "x86_64",
  "entry_point": 4199936,
  "file_name": "minimal-fake-firmware-c-static",
  "file_size": 920088,
  "file_type": "Executable",
  "language": "C99",
  "pie": false,
  "static_linking": "Statically linked",
  "stripped": false
}
