---
source: tests/common/mod.rs
expression: content
---
{
  "APIs found": [
    "accessWebcam",
    "accessNetwork",
    "writeOnDrive",
    "turnLampOff",
    "turnLampOn"
  ],
  "architecture": "x86-64",
  "endianness": "Little",
  "entry_point": "0x1b0f0",
  "file_name": "fake-firmware-c-dynamic",
  "file_type": "Dynamic Library",
  "header_size": 64,
  "link": "dynamically linked",
  "programming language": "C99"
}
