---
source: tests/common/mod.rs
expression: content
---
{
  "Public APIs flow": [
    {
      "name": "accessWebcam",
      "syscalls": [
        "open64",
        "fprintf",
        "memset",
        "ioctl",
        "fprintf",
        "close",
        "read",
        "fprintf",
        "close",
        "close"
      ]
    },
    {
      "name": "accessNetwork",
      "syscalls": [
        "curl_global_init",
        "curl_easy_init",
        "curl_easy_setopt",
        "curl_easy_perform",
        "curl_easy_strerror",
        "fprintf",
        "curl_easy_cleanup",
        "fprintf",
        "curl_global_cleanup"
      ]
    },
    {
      "name": "writeOnDrive",
      "syscalls": [
        "fopen64",
        "feature.c",
        "fprintf",
        "fclose",
        "fprintf"
      ]
    },
    {
      "name": "turnLampOff",
      "syscalls": []
    },
    {
      "name": "turnLampOn",
      "syscalls": []
    }
  ]
}
