---
source: backend/tests/common/mod.rs
expression: inspect_json
snapshot_kind: text
---
{
  "arch": "x86_64",
  "entry_point": 4303859,
  "file_name": "fridge",
  "file_size": 31412528,
  "file_type": "Executable",
  "language": "Rust",
  "pie": false,
  "static_linking": "Statically linked",
  "stripped": false
}
